m6v0
m7v0
m8v1
m9v0
m10v0
m11v1
m12v1
m13v0
m14v0
m15v0
m16v0
m17v0
m18v0
m19v0
m20v0
m21v0
m22v0
m23v0
m24v0
m25v0
m26v0
m27v0
m28v3
m29v0
m30v0
m31v0
m32v0
m33v0
m34v0
m1v0
m2v1
m3v0
m4v0
m5v0
m6v0
m7v0
m8v0
m9v0
m10v0
m11v0
m12v0
m13v0
m14v0
m15v0
m16v0
m17v0
m18v3
m19v0
m20v0
m21v0
m22v0
m23v0
m24v0
m25v0
m26v1
m27v0
m28v0
m29v1
m30v0
m31v2
m32v2
m33v0
m34v0
m1v0
m2v0
m3v0
m4v0
m5v0
m6v0
m7v0
m8v1
m9v0
m10v2
m11v3
m12v0
m13v2
m6v2
m7v1
m14v1
m15v0
m16v0
m17v1
m18v0
m19v0
m20v1
m21v2
m22v0
m23v0
m24v0
m25v2
m26v2
m27v0
m28v0
m29v1
m30v0
m31v0
m32v0
m33v0
m34v0
m1v0
m2v0
m3v3
m4v0
m5v1
m6v1
m7v0
m8v0
m9v0
m10v0
m11v1
m12v2
m13v0
m13v0
m14v0
m15v0
m16v0
m17v0
m18v1
m19v2
m20v0
m21v0
m22v0
m23v0
m24v0
m25v0
m26v0
m27v0
m28v3
m29v0
m30v0
m31v0
m32v0
m33v0
m34v0
m1v0
m2v1
m3v0
m4v0
m5v0
m6v0
m7v0
m8v1
m9v0
m10v0
m11v1
m12v0
m13v1
m7v3
m17v4
m14v2
m15v0
m16v0
m17v0
m18v3
m19v0
m20v0
m21v0
m22v0
m23v0
m24v0
m25v3
m26v3
m27v0
m28v0
m29v0
m30v0
m31v0
m32v1
m33v0
m34v0
m1v0
m2v0
m4v0
m5v0
m6v0
m7v0
m8v1
m9v0
m10v0
m11v0
m12v0
m13v0
m14v3
m15v2
m16v0
m17v0
m18v0
m19v0
m20v0
m21v0
m22v0
m23v0
m24v0
m25v3
m26v3
m27v0
m28v0
m29v0
m30v0
m31v0
m32v0
m33v0
m34v0
m1v0
m2v1
m3v0
m4v2
m5v0
m6v0
m7v0
m8v1
m9v0
m10v0
m11v0
m12v0
m13v0
m14v0
m15v0
m16v0
m17v1
m18v0
m19v0
m20v0
m21v0
m22v1
m23v0
m24v0
m25v0
m26v0
m27v0
m28v0
m29v0
m30v0
m31v0
m32v0
m33v0
m34v0
m1v0
m2v1
m3v1
m4v1
m5v0
m6v0
m7v0
m8v1
m9v0
m10v1
m11v0
m12v0
m13v0
m14v0
m15v0
m16v0
m17v0
m18v1
m19v2
m20v0
m21v0
m22v0
m23v0
m24v0
m25v1
m26v0
m27v0
m28v0
m29v1
m30v0
m31v0
m32v0
m33v0
m34v0
m1v0
m2v1
m3v0
m4v0
m5v0
m6v0
m7v0
m8v2
m9v4
m10v0
m11v1
m12v0
m13v0
m14v0
m15v0
m16v0
m17v0
m18v0
m19v0
m20v0
m21v0
m22v0
m23v0
m24v0
m25v1
m26v0
m27v0
m28v3
m29v1
m30v2
m31v3
m32v0
m33v0
m34v0
m1v0
m2v0
m3v0
m4v0
m5v0
m6v0
m7v4
m5v3
m18v2
m12v5
m13v0
m14v0
m15v0
m16v0
m17v1
m18v0
m19v0
m20v0
m21v0
m22v0
m23v0
m24v0
m25v0
m26v0
m27v0
m28v0
m29v1
m30v0
m31v0
m32v0
m33v0
m34v0
m1v0
m2v1
m3v0
m4v0
m5v0
m6v0
m7v4
m5v3
m18v2
m12v5
m13v0
m14v0
m15v0
m16v0
m17v0
m18v3
m19v0
m20v0
m21v0
m22v0
m23v1
m24v1
m25v0
m26v0
m27v0
m28v0
m29v6
m30v0
m31v0
m32v0
m33v4
m34v0
m1v0
m2v0
m3v0
m4v0
m5v2
m6v0
m7v0
m8v2
m9v4
m10v0
m11v1
m12v0
m13v0
m14v0
m15v0
m16v0
m17v0
m18v0
m19v0
m20v0
m21v0
m22v0
m23v0
m24v0
m25v2
m26v2
m27v0
m28v0
m29v1
m30v0
m31v0
m32v1
m33v0
m34v0
m1v0
m2v0
m3v4
m4v0
m5v0
m6v0
m7v0
m8v1
m9v0
m10v0
m11v1
m12v1
m13v0
m14v0
m15v0
m16v0
m17v1
m18v0
m19v0
m20v0
m21v0
m22v0
m23v0
m24v0
m25v2
m26v2
m27v0
m28v0
m29v0
m30v0
m31v0
m32v0
m33v0
m34v0
m1v0
m2v0
m3v0
m4v0
m5v0
m6v0
m7v0
m8v1
m9v0
m10v3
m11v1
m12v0
m13v1
m7v3
m17v4
m14v2
m15v0
m16v1
m17v0
m18v0
m19v0
m20v0
m21v0
m22v0
m23v0
m24v0
m25v2
m26v2
m27v0
m28v0
m29v1
m30v0
m31v0
m32v0
m33v0
m34v0
m1v0
m2v1
m3v0
m4v2
m5v0
m6v0
m7v0
m8v1
m9v0
m10v1
m11v0
m12v0
m13v0
m14v0
m15v0
m16v0
m17v0
m18v0
m19v0
m20v0
m21v0
m22v0
m23v0
m24v0
m25v0
m26v0
m27v0
m28v0
m29v6
m30v0
m31v0
m32v0
m33v0
m34v0
m1v0
m2v1
m3v0
m4v2
m5v0
m6v0
m7v0
m8v0
m9v0
m10v0
m11v1
m12v0
m13v4
m14v0
m15v0
m16v0
m17v0
m18v0
m19v0
m20v0
m21v1
m22v1
m23v0
m24v0
m25v0
m26v1
m27v0
m28v0
m29v0
m30v0
m31v0
m32v1
m33v0
m34v0
m1v0
m2v1
m3v0
m4v0
m5v0
m6v0
m7v0
m8v1
m9v0
m10v1
m11v0
m12v0
m13v0
m14v3
m15v2
m16v0
m17v0
m18v0
m19v0
m20v0
m21v1
m22v1
m23v0
m24v0
m25v3
m26v0
m27v0
m28v0
m29v0
m30v0
m31v0
m32v0
m33v0
m34v0
m1v0
m2v0
m3v0
m4v0
m5v0
m6v0
m7v0
m8v0
m9v0
m10v0
m11v0
m12v0
m13v3
m14v0
m15v0
m16v0
m17v1
m18v0
m19v0
m20v0
m21v0
m22v0
m23v0
m24v0
m25v0
m26v0
m27v0
m28v0
m29v3
m30v0
m31v0
m32v0
m33v0
m34v0
m1v0
m2v1
m3v0
m4v0
m5v0
m6v0
m7v0
m8v1
m9v0
m10v0
m11v2
m12v0
m13v0
m14v0
m15v0
m16v0
m17v0
m18v1
m19v2
m20v0
m21v0
m22v0
m23v0
m24v0
m25v0
m26v0
m27v0
m28v0
m29v1
m30v0
m31v0
m32v1
m33v0
m34v0
m1v0
m2v1
m3v0
m4v0
m5v2
m6v0
m7v0
m8v1
m9v0
m10v1
m11v0
m12v0
m13v0
m13v0
m14v0
m15v1
m16v0
m17v0
m18v0
m19v0
m20v0
m21v1
m22v0
m23v2
m24v0
m25v0
m26v0
m27v0
m28v0
m29v0
m30v0
m31v0
m32v0
m33v0
m34v0
m1v0
m2v0
m3v0
m4v0
m5v2
m6v2
m7v1
m14v1
m15v0
m16v0
m17v0
m18v0
m19v0
m20v0
m21v0
m22v1
m23v0
m24v0
m25v0
m26v0
m27v0
m28v0
m29v0
m30v0
m31v0
m32v0
m33v0
m34v0
m1v0
m2v1
m3v0
m4v0
m5v0
m6v0
m7v0
m8v1
m9v0
m10v2
m11v3
m12v4
m13v2
m6v2
m7v0
m8v1
m9v0
m10v0
m11v1
m12v0
m13v0
m14v0
m15v0
m16v0
m17v0
m18v0
m19v0
m20v0
m21v0
m22v1
m23v0
m24v0
m25v0
m26v3
m27v0
m28v0
m29v1
m30v0
m31v2
m32v2
m33v0
m34v0
m1v0
m2v0
m4v0
m5v0
m6v0
m7v0
m8v1
m9v0
m10v0
m11v1
m12v0
m13v0
m14v0
m15v0
m16v0
m17v0
m18v4
m19v0
m20v0
m21v0
m22v0
m23v2
m24v0
m25v0
m26v1
m27v0
m28v0
m29v3
m30v0
m31v0
m32v1
m33v0
m34v0
m1v0
m2v1
m3v0
m4v0
m5v0
m6v0
m7v0
m8v1
m9v0
m10v0
m11v1
m12v0
m13v0
m13v0
m14v0
m15v0
m16v1
m17v0
m18v0
m19v0
m20v0
m21v0
m22v0
m23v2
m24v0
m25v0
m26v3
m27v0
m28v0
m29v6
m30v0
m31v0
m32v0
m33v0
m34v0
m1v0
m2v1
m3v0
m4v0
m5v0
m6v0
m7v0
m8v2
m9v0
m10v0
m11v0
m12v0
m13v0
m14v0
m15v0
m16v0
m17v1
m18v0
m19v0
m20v0
m21v0
m22v0
m23v2
m24v0
m25v0
m26v0
m27v0
m28v0
m29v1
m30v0
m31v2
m32v2
m33v0
m34v0
m1v0
m2v0
m3v0
m4v0
m5v0
m6v0
m7v0
m8v1
m9v0
m10v0
m11v0
m12v0
m13v0
m14v0
m15v0
m16v1
m17v0
m18v0
m19v0
m20v0
m21v0
m22v0
m23v0
m24v0
m25v0
m26v0
m27v0
m28v0
m29v0
m30v0
m31v0
m32v1
m33v0
m34v0
m1v0
m2v1
m3v0
m4v0
m5v0
m6v0
m7v0
m8v1
m9v0
m10v0
m11v0
m12v0
m13v0
m13v0
m14v0
m15v1
m16v0
m17v0
m18v0
m19v0
m20v0
m21v0
m22v1
m23v0
m24v0
m25v0
m26v3
m27v0
m28v0
m29v1
m30v0
m31v0
m32v0
m33v0
m34v0
m1v1
m2v0
m3v0
m4v0
m5v0
m6v0
m7v0
m8v1
m9v0
m10v0
m11v1
m12v1
m13v0
m14v0
m15v0
m16v1
m17v0
m18v0
m19v0
m20v0
m21v0
m22v0
m23v1
m24v1
m25v0
m26v0
m27v0
m28v0
m29v3
m30v0
m31v0
m32v0
m33v0
m34v0
m1v0
m2v0
m3v0
m4v0
m5v0
m6v1
m7v0
m8v1
m9v0
m10v0
m11v0
m12v0
m13v3
m14v0
m15v0
m16v0
m17v1
m18v0
m19v0
m20v0
m21v0
m22v1
m23v0
m24v0
m25v2
m26v2
m27v0
m28v2
m29v5
m30v0
m31v0
m32v1
m33v0
m34v1
m1v0
m2v0
m3v3
m4v0
m5v1
m6v1
m7v0
m8v0
m9v0
m10v0
m11v2
m12v0
m13v1
m7v3
m17v4
m18v0
m19v0
m20v0
m21v0
m22v0
m23v0
m24v0
m25v1
m26v0
m27v0
m28v0
m29v0
m30v0
m31v0
m32v1
m33v0
m34v0
m1v4
m2v1
m3v0
m4v0
m5v0
m6v0
m7v4
m8v1
m9v0
m10v0
m11v0
m12v0
m13v0
m14v0
m15v0
m16v0
m17v0
m18v0
m19v0
m20v0
m21v0
m22v0
m23v0
m24v0
m25v0
m26v0
m27v1
m28v0
m29v0
m30v0
m31v0
m32v0
m33v0
m34v0
m1v3
m2v1
m3v0
m4v0
m5v2
m6v0
m7v0
m8v0
m9v2
m10v0
m11v1
m12v0
m13v3
m14v0
m15v0
m16v0
m17v0
m18v0
m19v0
m20v0
m21v0
m22v0
m23v0
m24v0
m25v0
m26v2
m27v0
m28v3
m29v1
m30v0
m31v0
m32v0
m33v2
m34v0
m1v0
m2v0
m3v0
m4v0
m5v2
m6v0
m7v4
m8v1
m9v0
m10v2
m11v3
m12v1
m13v0
m14v0
m15v0
m16v0
m17v1
m18v0
m19v1
m20v0
m21v0
m22v0
m23v0
m24v0
m25v4
m26v0
m27v0
m28v0
m29v6
m30v0
m31v2
m32v0
m33v0
m34v0
m1v2
m2v0
m3v0
m4v0
m5v0
m6v1
m7v0
m8v1
m9v0
m10v0
m11v0
m12v0
m13v0
m14v0
m15v0
m16v0
m17v0
m18v0
m19v0
m20v0
m21v0
m22v0
m23v0
m24v0
m25v6
m26v0
m27v0
m28v0
m29v0
m30v0
m31v0
m32v0
m33v0
m34v0
m1v0
m2v0
m3v0
m4v0
m5v0
m6v0
m7v0
m8v1
m9v0
m10v0
m11v1
m12v2
m13v0
m14v0
m15v1
m16v0
m17v3
m18v0
m19v0
m20v0
m21v0
m22v0
m23v1
m24v0
m32v3
m33v0
m34v0
m1v0
m2v0
m3v0
m4v0
m5v0
m6v0
m7v0
m8v1
m9v0
m10v4
m11v1
m12v1
m13v0
m14v3
m15v0
m16v0
m17v0
m18v0
m19v3
m20v0
m21v0
m22v0
m23v1
m24v0
m25v3
m26v0
m27v0
m28v0
m29v4
m30v0
m31v0
m32v0
m33v3
m34v0
m1v0
m2v0
m4v0
m5v3
m6v0
m7v0
m8v1
m9v1
m10v0
m11v0
m12v6
m13v5
m14v0
m15v0
m16v0
m17v0
m18v0
m19v1
m20v0
m21v0
m22v0
m23v0
m24v0
m25v5
m26v0
m27v0
m28v0
m29v6
m30v0
m31v2
m32v0
m33v2
m34v0
m1v0
m2v0
m3v0
m4v3
m5v0
m6v0
m7v0
m8v3
m9v3
m17v2
m25v2
m26v2
m27v0
m28v1
m29v2
m30v1
m31v1
m32v0
m33v1
m34v0
m1v0
m2v0
m3v3
m4v0
m5v3
m6v0
m7v2
m5v3
m18v2
m12v5
m13v0
m14v0
m15v0
m16v1
m17v0
m18v0
m19v0
m20v0
m21v0
m22v0
m23v0
m24v0
m25v0
m26v0
m27v1
m28v0
m29v0
m30v0
m31v0
m32v0
m33v0
m34v0
m1v0
m2v0
m3v2
m4v0
m5v0
m6v0
m7v0
m8v4
m9v0
m10v0
m11v0
m12v3
m13v0
m14v0
m15v0
m16v0
m17v0
m18v0
m19v1
m20v0
m21v0
m22v0
m23v2
m24v0
m25v0
m26v0
m27v0
m28v0
m29v4
m30v0
m31v0
m32v0
m33v0
